// Jest Snapshot v1, https://goo.gl/fbAQLP

exports[`ProjectAlertSettings render() renders 1`] = `
<SideEffect(DocumentTitle)
  title="Project Alert Settings - Common LIMS"
>
  <AccessContainer
    access={
      Array [
        "project:write",
      ]
    }
  >
    <Component />
  </AccessContainer>
</SideEffect(DocumentTitle)>
`;
